[INFO] Scanning for projects...
[INFO] 
[INFO] ----------------< com.team15.tripplanning:user-service >----------------
[INFO] Building user-service 0.0.1-SNAPSHOT
[INFO]   from pom.xml
[INFO] --------------------------------[ jar ]---------------------------------
[INFO] 
[INFO] --- clean:3.5.0:clean (default-clean) @ user-service ---
[INFO] Deleting C:\Users\Marwan Allam\OneDrive\Desktop\ACL M1\tripplanning\user-service\target
[INFO] 
[INFO] --- resources:3.3.1:resources (default-resources) @ user-service ---
[INFO] Copying 1 resource from src\main\resources to target\classes
[INFO] Copying 0 resource from src\main\resources to target\classes
[INFO] 
[INFO] --- compiler:3.14.1:compile (default-compile) @ user-service ---
[INFO] Recompiling the module because of changed source code.
[INFO] Compiling 20 source files with javac [debug parameters release 17] to target\classes
[INFO] ------------------------------------------------------------------------
[INFO] BUILD SUCCESS
[INFO] ------------------------------------------------------------------------
[INFO] Total time:  2.600 s
[INFO] Finished at: 2026-04-26T22:19:41+03:00
[INFO] ------------------------------------------------------------------------
